Analysis & Synthesis report for MyClock
Sat Dec 22 21:59:54 2018
Quartus Prime Version 17.1.0 Build 590 10/25/2017 SJ Lite Edition


---------------------
; Table of Contents ;
---------------------
  1. Legal Notice
  2. Analysis & Synthesis Summary
  3. Analysis & Synthesis Settings
  4. Parallel Compilation
  5. Analysis & Synthesis Source Files Read
  6. Analysis & Synthesis Resource Usage Summary
  7. Analysis & Synthesis Resource Utilization by Entity
  8. Analysis & Synthesis RAM Summary
  9. User-Specified and Inferred Latches
 10. General Register Statistics
 11. Registers Added for RAM Pass-Through Logic
 12. Multiplexer Restructuring Statistics (Restructuring Performed)
 13. Source assignments for KeyTimeGet:GetTime|ps2_keyboard:keyboard|altsyncram:fifo_rtl_0|altsyncram_lsj1:auto_generated
 14. Parameter Settings for Inferred Entity Instance: KeyTimeGet:GetTime|ps2_keyboard:keyboard|altsyncram:fifo_rtl_0
 15. Parameter Settings for Inferred Entity Instance: TimeShow:HEXShowTime|HEXShow:second_show|lpm_divide:Mod0
 16. Parameter Settings for Inferred Entity Instance: TimeShow:HEXShowTime|HEXShow:minute_show|lpm_divide:Mod0
 17. Parameter Settings for Inferred Entity Instance: TimeShow:HEXShowTime|HEXShow:hour_show|lpm_divide:Mod0
 18. altsyncram Parameter Settings by Entity Instance
 19. Port Connectivity Checks: "KeyTimeGet:GetTime|ps2_keyboard:keyboard"
 20. Post-Synthesis Netlist Statistics for Top Partition
 21. Elapsed Time Per Partition
 22. Analysis & Synthesis Messages
 23. Analysis & Synthesis Suppressed Messages



----------------
; Legal Notice ;
----------------
Copyright (C) 2017  Intel Corporation. All rights reserved.
Your use of Intel Corporation's design tools, logic functions 
and other software and tools, and its AMPP partner logic 
functions, and any output files from any of the foregoing 
(including device programming or simulation files), and any 
associated documentation or information are expressly subject 
to the terms and conditions of the Intel Program License 
Subscription Agreement, the Intel Quartus Prime License Agreement,
the Intel FPGA IP License Agreement, or other applicable license
agreement, including, without limitation, that your use is for
the sole purpose of programming logic devices manufactured by
Intel and sold by Intel or its authorized distributors.  Please
refer to the applicable agreement for further details.



+-------------------------------------------------------------------------------+
; Analysis & Synthesis Summary                                                  ;
+---------------------------------+---------------------------------------------+
; Analysis & Synthesis Status     ; Successful - Sat Dec 22 21:59:54 2018       ;
; Quartus Prime Version           ; 17.1.0 Build 590 10/25/2017 SJ Lite Edition ;
; Revision Name                   ; MyClock                                     ;
; Top-level Entity Name           ; MyClock                                     ;
; Family                          ; Cyclone V                                   ;
; Logic utilization (in ALMs)     ; N/A                                         ;
; Total registers                 ; 114                                         ;
; Total pins                      ; 52                                          ;
; Total virtual pins              ; 0                                           ;
; Total block memory bits         ; 64                                          ;
; Total DSP Blocks                ; 0                                           ;
; Total HSSI RX PCSs              ; 0                                           ;
; Total HSSI PMA RX Deserializers ; 0                                           ;
; Total HSSI TX PCSs              ; 0                                           ;
; Total HSSI PMA TX Serializers   ; 0                                           ;
; Total PLLs                      ; 0                                           ;
; Total DLLs                      ; 0                                           ;
+---------------------------------+---------------------------------------------+


+---------------------------------------------------------------------------------------------------------------------------+
; Analysis & Synthesis Settings                                                                                             ;
+---------------------------------------------------------------------------------+--------------------+--------------------+
; Option                                                                          ; Setting            ; Default Value      ;
+---------------------------------------------------------------------------------+--------------------+--------------------+
; Device                                                                          ; 5CSXFC6D6F31C6     ;                    ;
; Top-level entity name                                                           ; MyClock            ; MyClock            ;
; Family name                                                                     ; Cyclone V          ; Cyclone V          ;
; Use smart compilation                                                           ; Off                ; Off                ;
; Enable parallel Assembler and TimeQuest Timing Analyzer during compilation      ; On                 ; On                 ;
; Enable compact report table                                                     ; Off                ; Off                ;
; Restructure Multiplexers                                                        ; Auto               ; Auto               ;
; MLAB Add Timing Constraints For Mixed-Port Feed-Through Mode Setting Don't Care ; Off                ; Off                ;
; Create Debugging Nodes for IP Cores                                             ; Off                ; Off                ;
; Preserve fewer node names                                                       ; On                 ; On                 ;
; Intel FPGA IP Evaluation Mode                                                   ; Enable             ; Enable             ;
; Verilog Version                                                                 ; Verilog_2001       ; Verilog_2001       ;
; VHDL Version                                                                    ; VHDL_1993          ; VHDL_1993          ;
; State Machine Processing                                                        ; Auto               ; Auto               ;
; Safe State Machine                                                              ; Off                ; Off                ;
; Extract Verilog State Machines                                                  ; On                 ; On                 ;
; Extract VHDL State Machines                                                     ; On                 ; On                 ;
; Ignore Verilog initial constructs                                               ; Off                ; Off                ;
; Iteration limit for constant Verilog loops                                      ; 5000               ; 5000               ;
; Iteration limit for non-constant Verilog loops                                  ; 250                ; 250                ;
; Add Pass-Through Logic to Inferred RAMs                                         ; On                 ; On                 ;
; Infer RAMs from Raw Logic                                                       ; On                 ; On                 ;
; Parallel Synthesis                                                              ; On                 ; On                 ;
; DSP Block Balancing                                                             ; Auto               ; Auto               ;
; NOT Gate Push-Back                                                              ; On                 ; On                 ;
; Power-Up Don't Care                                                             ; On                 ; On                 ;
; Remove Redundant Logic Cells                                                    ; Off                ; Off                ;
; Remove Duplicate Registers                                                      ; On                 ; On                 ;
; Ignore CARRY Buffers                                                            ; Off                ; Off                ;
; Ignore CASCADE Buffers                                                          ; Off                ; Off                ;
; Ignore GLOBAL Buffers                                                           ; Off                ; Off                ;
; Ignore ROW GLOBAL Buffers                                                       ; Off                ; Off                ;
; Ignore LCELL Buffers                                                            ; Off                ; Off                ;
; Ignore SOFT Buffers                                                             ; On                 ; On                 ;
; Limit AHDL Integers to 32 Bits                                                  ; Off                ; Off                ;
; Optimization Technique                                                          ; Balanced           ; Balanced           ;
; Carry Chain Length                                                              ; 70                 ; 70                 ;
; Auto Carry Chains                                                               ; On                 ; On                 ;
; Auto Open-Drain Pins                                                            ; On                 ; On                 ;
; Perform WYSIWYG Primitive Resynthesis                                           ; Off                ; Off                ;
; Auto ROM Replacement                                                            ; On                 ; On                 ;
; Auto RAM Replacement                                                            ; On                 ; On                 ;
; Auto DSP Block Replacement                                                      ; On                 ; On                 ;
; Auto Shift Register Replacement                                                 ; Auto               ; Auto               ;
; Allow Shift Register Merging across Hierarchies                                 ; Auto               ; Auto               ;
; Auto Clock Enable Replacement                                                   ; On                 ; On                 ;
; Strict RAM Replacement                                                          ; Off                ; Off                ;
; Allow Synchronous Control Signals                                               ; On                 ; On                 ;
; Force Use of Synchronous Clear Signals                                          ; Off                ; Off                ;
; Auto Resource Sharing                                                           ; Off                ; Off                ;
; Allow Any RAM Size For Recognition                                              ; Off                ; Off                ;
; Allow Any ROM Size For Recognition                                              ; Off                ; Off                ;
; Allow Any Shift Register Size For Recognition                                   ; Off                ; Off                ;
; Use LogicLock Constraints during Resource Balancing                             ; On                 ; On                 ;
; Ignore translate_off and synthesis_off directives                               ; Off                ; Off                ;
; Timing-Driven Synthesis                                                         ; On                 ; On                 ;
; Report Parameter Settings                                                       ; On                 ; On                 ;
; Report Source Assignments                                                       ; On                 ; On                 ;
; Report Connectivity Checks                                                      ; On                 ; On                 ;
; Ignore Maximum Fan-Out Assignments                                              ; Off                ; Off                ;
; Synchronization Register Chain Length                                           ; 3                  ; 3                  ;
; Power Optimization During Synthesis                                             ; Normal compilation ; Normal compilation ;
; HDL message level                                                               ; Level2             ; Level2             ;
; Suppress Register Optimization Related Messages                                 ; Off                ; Off                ;
; Number of Removed Registers Reported in Synthesis Report                        ; 5000               ; 5000               ;
; Number of Swept Nodes Reported in Synthesis Report                              ; 5000               ; 5000               ;
; Number of Inverted Registers Reported in Synthesis Report                       ; 100                ; 100                ;
; Clock MUX Protection                                                            ; On                 ; On                 ;
; Auto Gated Clock Conversion                                                     ; Off                ; Off                ;
; Block Design Naming                                                             ; Auto               ; Auto               ;
; SDC constraint protection                                                       ; Off                ; Off                ;
; Synthesis Effort                                                                ; Auto               ; Auto               ;
; Shift Register Replacement - Allow Asynchronous Clear Signal                    ; On                 ; On                 ;
; Pre-Mapping Resynthesis Optimization                                            ; Off                ; Off                ;
; Analysis & Synthesis Message Level                                              ; Medium             ; Medium             ;
; Disable Register Merging Across Hierarchies                                     ; Auto               ; Auto               ;
; Resource Aware Inference For Block RAM                                          ; On                 ; On                 ;
; Automatic Parallel Synthesis                                                    ; On                 ; On                 ;
; Partial Reconfiguration Bitstream ID                                            ; Off                ; Off                ;
+---------------------------------------------------------------------------------+--------------------+--------------------+


+------------------------------------------+
; Parallel Compilation                     ;
+----------------------------+-------------+
; Processors                 ; Number      ;
+----------------------------+-------------+
; Number detected on machine ; 8           ;
; Maximum allowed            ; 4           ;
;                            ;             ;
; Average used               ; 1.00        ;
; Maximum used               ; 4           ;
;                            ;             ;
; Usage by Processor         ; % Time Used ;
;     Processor 1            ; 100.0%      ;
;     Processor 2            ;   0.0%      ;
;     Processors 3-4         ;   0.0%      ;
+----------------------------+-------------+


+------------------------------------------------------------------------------------------------------------------------------------------------------------------------------------------------------------------+
; Analysis & Synthesis Source Files Read                                                                                                                                                                           ;
+----------------------------------+-----------------+------------------------------+--------------------------------------------------------------------------------------------------------------------+---------+
; File Name with User-Entered Path ; Used in Netlist ; File Type                    ; File Name with Absolute Path                                                                                       ; Library ;
+----------------------------------+-----------------+------------------------------+--------------------------------------------------------------------------------------------------------------------+---------+
; MyClock.v                        ; yes             ; User Verilog HDL File        ; D:/OneDrive/Experiments_in_Digital_Logical_Circuits/CLOCK/MyClock/MyClock.v                                        ;         ;
; FrequencyDivision.v              ; yes             ; User Verilog HDL File        ; D:/OneDrive/Experiments_in_Digital_Logical_Circuits/CLOCK/MyClock/FrequencyDivision.v                              ;         ;
; HEXShow.v                        ; yes             ; User Verilog HDL File        ; D:/OneDrive/Experiments_in_Digital_Logical_Circuits/CLOCK/MyClock/HEXShow.v                                        ;         ;
; ClockRun.v                       ; yes             ; User Verilog HDL File        ; D:/OneDrive/Experiments_in_Digital_Logical_Circuits/CLOCK/MyClock/ClockRun.v                                       ;         ;
; TimeShow.v                       ; yes             ; User Verilog HDL File        ; D:/OneDrive/Experiments_in_Digital_Logical_Circuits/CLOCK/MyClock/TimeShow.v                                       ;         ;
; ps2_keyboard.v                   ; yes             ; User Verilog HDL File        ; D:/OneDrive/Experiments_in_Digital_Logical_Circuits/CLOCK/MyClock/ps2_keyboard.v                                   ;         ;
; KeyTimeGet.v                     ; yes             ; User Verilog HDL File        ; D:/OneDrive/Experiments_in_Digital_Logical_Circuits/CLOCK/MyClock/KeyTimeGet.v                                     ;         ;
; KeyTranslate.v                   ; yes             ; User Verilog HDL File        ; D:/OneDrive/Experiments_in_Digital_Logical_Circuits/CLOCK/MyClock/KeyTranslate.v                                   ;         ;
; ascii.txt                        ; yes             ; Auto-Found File              ; D:/OneDrive/Experiments_in_Digital_Logical_Circuits/CLOCK/MyClock/ascii.txt                                        ;         ;
; altsyncram.tdf                   ; yes             ; Megafunction                 ; d:/study/experiments_in_digital_logical_circuits/environment/quartus/libraries/megafunctions/altsyncram.tdf        ;         ;
; stratix_ram_block.inc            ; yes             ; Megafunction                 ; d:/study/experiments_in_digital_logical_circuits/environment/quartus/libraries/megafunctions/stratix_ram_block.inc ;         ;
; lpm_mux.inc                      ; yes             ; Megafunction                 ; d:/study/experiments_in_digital_logical_circuits/environment/quartus/libraries/megafunctions/lpm_mux.inc           ;         ;
; lpm_decode.inc                   ; yes             ; Megafunction                 ; d:/study/experiments_in_digital_logical_circuits/environment/quartus/libraries/megafunctions/lpm_decode.inc        ;         ;
; aglobal171.inc                   ; yes             ; Megafunction                 ; d:/study/experiments_in_digital_logical_circuits/environment/quartus/libraries/megafunctions/aglobal171.inc        ;         ;
; a_rdenreg.inc                    ; yes             ; Megafunction                 ; d:/study/experiments_in_digital_logical_circuits/environment/quartus/libraries/megafunctions/a_rdenreg.inc         ;         ;
; altrom.inc                       ; yes             ; Megafunction                 ; d:/study/experiments_in_digital_logical_circuits/environment/quartus/libraries/megafunctions/altrom.inc            ;         ;
; altram.inc                       ; yes             ; Megafunction                 ; d:/study/experiments_in_digital_logical_circuits/environment/quartus/libraries/megafunctions/altram.inc            ;         ;
; altdpram.inc                     ; yes             ; Megafunction                 ; d:/study/experiments_in_digital_logical_circuits/environment/quartus/libraries/megafunctions/altdpram.inc          ;         ;
; db/altsyncram_lsj1.tdf           ; yes             ; Auto-Generated Megafunction  ; D:/OneDrive/Experiments_in_Digital_Logical_Circuits/CLOCK/MyClock/db/altsyncram_lsj1.tdf                           ;         ;
; lpm_divide.tdf                   ; yes             ; Megafunction                 ; d:/study/experiments_in_digital_logical_circuits/environment/quartus/libraries/megafunctions/lpm_divide.tdf        ;         ;
; abs_divider.inc                  ; yes             ; Megafunction                 ; d:/study/experiments_in_digital_logical_circuits/environment/quartus/libraries/megafunctions/abs_divider.inc       ;         ;
; sign_div_unsign.inc              ; yes             ; Megafunction                 ; d:/study/experiments_in_digital_logical_circuits/environment/quartus/libraries/megafunctions/sign_div_unsign.inc   ;         ;
; db/lpm_divide_62m.tdf            ; yes             ; Auto-Generated Megafunction  ; D:/OneDrive/Experiments_in_Digital_Logical_Circuits/CLOCK/MyClock/db/lpm_divide_62m.tdf                            ;         ;
; db/sign_div_unsign_9kh.tdf       ; yes             ; Auto-Generated Megafunction  ; D:/OneDrive/Experiments_in_Digital_Logical_Circuits/CLOCK/MyClock/db/sign_div_unsign_9kh.tdf                       ;         ;
; db/alt_u_div_ose.tdf             ; yes             ; Auto-Generated Megafunction  ; D:/OneDrive/Experiments_in_Digital_Logical_Circuits/CLOCK/MyClock/db/alt_u_div_ose.tdf                             ;         ;
+----------------------------------+-----------------+------------------------------+--------------------------------------------------------------------------------------------------------------------+---------+


+------------------------------------------------------------+
; Analysis & Synthesis Resource Usage Summary                ;
+---------------------------------------------+--------------+
; Resource                                    ; Usage        ;
+---------------------------------------------+--------------+
; Estimate of Logic utilization (ALMs needed) ; 248          ;
;                                             ;              ;
; Combinational ALUT usage for logic          ; 463          ;
;     -- 7 input functions                    ; 6            ;
;     -- 6 input functions                    ; 25           ;
;     -- 5 input functions                    ; 87           ;
;     -- 4 input functions                    ; 116          ;
;     -- <=3 input functions                  ; 229          ;
;                                             ;              ;
; Dedicated logic registers                   ; 114          ;
;                                             ;              ;
; I/O pins                                    ; 52           ;
; Total MLAB memory bits                      ; 0            ;
; Total block memory bits                     ; 64           ;
;                                             ;              ;
; Total DSP Blocks                            ; 0            ;
;                                             ;              ;
; Maximum fan-out node                        ; CLK_50~input ;
; Maximum fan-out                             ; 80           ;
; Total fan-out                               ; 2253         ;
; Average fan-out                             ; 3.27         ;
+---------------------------------------------+--------------+


+-----------------------------------------------------------------------------------------------------------------------------------------------------------------------------------------------------------------------------------------------------------------------------------------------------------------------------------------------------+
; Analysis & Synthesis Resource Utilization by Entity                                                                                                                                                                                                                                                                                                 ;
+---------------------------------------------------+---------------------+---------------------------+-------------------+------------+------+--------------+---------------------------------------------------------------------------------------------------------------------------------------------------+---------------------+--------------+
; Compilation Hierarchy Node                        ; Combinational ALUTs ; Dedicated Logic Registers ; Block Memory Bits ; DSP Blocks ; Pins ; Virtual Pins ; Full Hierarchy Name                                                                                                                               ; Entity Name         ; Library Name ;
+---------------------------------------------------+---------------------+---------------------------+-------------------+------------+------+--------------+---------------------------------------------------------------------------------------------------------------------------------------------------+---------------------+--------------+
; |MyClock                                          ; 463 (0)             ; 114 (0)                   ; 64                ; 0          ; 52   ; 0            ; |MyClock                                                                                                                                          ; MyClock             ; work         ;
;    |ClockRun:MainClock|                           ; 81 (81)             ; 18 (18)                   ; 0                 ; 0          ; 0    ; 0            ; |MyClock|ClockRun:MainClock                                                                                                                       ; ClockRun            ; work         ;
;    |FrequencyDivision:change_clk50_to_one_second| ; 41 (41)             ; 33 (33)                   ; 0                 ; 0          ; 0    ; 0            ; |MyClock|FrequencyDivision:change_clk50_to_one_second                                                                                             ; FrequencyDivision   ; work         ;
;    |KeyTimeGet:GetTime|                           ; 161 (59)            ; 63 (24)                   ; 64                ; 0          ; 0    ; 0            ; |MyClock|KeyTimeGet:GetTime                                                                                                                       ; KeyTimeGet          ; work         ;
;       |KeyTranslate:GetASCII|                     ; 56 (56)             ; 0 (0)                     ; 0                 ; 0          ; 0    ; 0            ; |MyClock|KeyTimeGet:GetTime|KeyTranslate:GetASCII                                                                                                 ; KeyTranslate        ; work         ;
;       |ps2_keyboard:keyboard|                     ; 46 (46)             ; 39 (39)                   ; 64                ; 0          ; 0    ; 0            ; |MyClock|KeyTimeGet:GetTime|ps2_keyboard:keyboard                                                                                                 ; ps2_keyboard        ; work         ;
;          |altsyncram:fifo_rtl_0|                  ; 0 (0)               ; 0 (0)                     ; 64                ; 0          ; 0    ; 0            ; |MyClock|KeyTimeGet:GetTime|ps2_keyboard:keyboard|altsyncram:fifo_rtl_0                                                                           ; altsyncram          ; work         ;
;             |altsyncram_lsj1:auto_generated|      ; 0 (0)               ; 0 (0)                     ; 64                ; 0          ; 0    ; 0            ; |MyClock|KeyTimeGet:GetTime|ps2_keyboard:keyboard|altsyncram:fifo_rtl_0|altsyncram_lsj1:auto_generated                                            ; altsyncram_lsj1     ; work         ;
;    |TimeShow:HEXShowTime|                         ; 180 (18)            ; 0 (0)                     ; 0                 ; 0          ; 0    ; 0            ; |MyClock|TimeShow:HEXShowTime                                                                                                                     ; TimeShow            ; work         ;
;       |HEXShow:hour_show|                         ; 54 (22)             ; 0 (0)                     ; 0                 ; 0          ; 0    ; 0            ; |MyClock|TimeShow:HEXShowTime|HEXShow:hour_show                                                                                                   ; HEXShow             ; work         ;
;          |lpm_divide:Mod0|                        ; 32 (0)              ; 0 (0)                     ; 0                 ; 0          ; 0    ; 0            ; |MyClock|TimeShow:HEXShowTime|HEXShow:hour_show|lpm_divide:Mod0                                                                                   ; lpm_divide          ; work         ;
;             |lpm_divide_62m:auto_generated|       ; 32 (0)              ; 0 (0)                     ; 0                 ; 0          ; 0    ; 0            ; |MyClock|TimeShow:HEXShowTime|HEXShow:hour_show|lpm_divide:Mod0|lpm_divide_62m:auto_generated                                                     ; lpm_divide_62m      ; work         ;
;                |sign_div_unsign_9kh:divider|      ; 32 (0)              ; 0 (0)                     ; 0                 ; 0          ; 0    ; 0            ; |MyClock|TimeShow:HEXShowTime|HEXShow:hour_show|lpm_divide:Mod0|lpm_divide_62m:auto_generated|sign_div_unsign_9kh:divider                         ; sign_div_unsign_9kh ; work         ;
;                   |alt_u_div_ose:divider|         ; 32 (32)             ; 0 (0)                     ; 0                 ; 0          ; 0    ; 0            ; |MyClock|TimeShow:HEXShowTime|HEXShow:hour_show|lpm_divide:Mod0|lpm_divide_62m:auto_generated|sign_div_unsign_9kh:divider|alt_u_div_ose:divider   ; alt_u_div_ose       ; work         ;
;       |HEXShow:minute_show|                       ; 54 (22)             ; 0 (0)                     ; 0                 ; 0          ; 0    ; 0            ; |MyClock|TimeShow:HEXShowTime|HEXShow:minute_show                                                                                                 ; HEXShow             ; work         ;
;          |lpm_divide:Mod0|                        ; 32 (0)              ; 0 (0)                     ; 0                 ; 0          ; 0    ; 0            ; |MyClock|TimeShow:HEXShowTime|HEXShow:minute_show|lpm_divide:Mod0                                                                                 ; lpm_divide          ; work         ;
;             |lpm_divide_62m:auto_generated|       ; 32 (0)              ; 0 (0)                     ; 0                 ; 0          ; 0    ; 0            ; |MyClock|TimeShow:HEXShowTime|HEXShow:minute_show|lpm_divide:Mod0|lpm_divide_62m:auto_generated                                                   ; lpm_divide_62m      ; work         ;
;                |sign_div_unsign_9kh:divider|      ; 32 (0)              ; 0 (0)                     ; 0                 ; 0          ; 0    ; 0            ; |MyClock|TimeShow:HEXShowTime|HEXShow:minute_show|lpm_divide:Mod0|lpm_divide_62m:auto_generated|sign_div_unsign_9kh:divider                       ; sign_div_unsign_9kh ; work         ;
;                   |alt_u_div_ose:divider|         ; 32 (32)             ; 0 (0)                     ; 0                 ; 0          ; 0    ; 0            ; |MyClock|TimeShow:HEXShowTime|HEXShow:minute_show|lpm_divide:Mod0|lpm_divide_62m:auto_generated|sign_div_unsign_9kh:divider|alt_u_div_ose:divider ; alt_u_div_ose       ; work         ;
;       |HEXShow:second_show|                       ; 54 (22)             ; 0 (0)                     ; 0                 ; 0          ; 0    ; 0            ; |MyClock|TimeShow:HEXShowTime|HEXShow:second_show                                                                                                 ; HEXShow             ; work         ;
;          |lpm_divide:Mod0|                        ; 32 (0)              ; 0 (0)                     ; 0                 ; 0          ; 0    ; 0            ; |MyClock|TimeShow:HEXShowTime|HEXShow:second_show|lpm_divide:Mod0                                                                                 ; lpm_divide          ; work         ;
;             |lpm_divide_62m:auto_generated|       ; 32 (0)              ; 0 (0)                     ; 0                 ; 0          ; 0    ; 0            ; |MyClock|TimeShow:HEXShowTime|HEXShow:second_show|lpm_divide:Mod0|lpm_divide_62m:auto_generated                                                   ; lpm_divide_62m      ; work         ;
;                |sign_div_unsign_9kh:divider|      ; 32 (0)              ; 0 (0)                     ; 0                 ; 0          ; 0    ; 0            ; |MyClock|TimeShow:HEXShowTime|HEXShow:second_show|lpm_divide:Mod0|lpm_divide_62m:auto_generated|sign_div_unsign_9kh:divider                       ; sign_div_unsign_9kh ; work         ;
;                   |alt_u_div_ose:divider|         ; 32 (32)             ; 0 (0)                     ; 0                 ; 0          ; 0    ; 0            ; |MyClock|TimeShow:HEXShowTime|HEXShow:second_show|lpm_divide:Mod0|lpm_divide_62m:auto_generated|sign_div_unsign_9kh:divider|alt_u_div_ose:divider ; alt_u_div_ose       ; work         ;
+---------------------------------------------------+---------------------+---------------------------+-------------------+------------+------+--------------+---------------------------------------------------------------------------------------------------------------------------------------------------+---------------------+--------------+
Note: For table entries with two numbers listed, the numbers in parentheses indicate the number of resources of the given type used by the specific entity alone. The numbers listed outside of parentheses indicate the total resources of the given type used by the specific entity and all of its sub-entities in the hierarchy.


+--------------------------------------------------------------------------------------------------------------------------------------------------------------------------------------------------------------+
; Analysis & Synthesis RAM Summary                                                                                                                                                                             ;
+----------------------------------------------------------------------------------------------------------+------+------------------+--------------+--------------+--------------+--------------+------+------+
; Name                                                                                                     ; Type ; Mode             ; Port A Depth ; Port A Width ; Port B Depth ; Port B Width ; Size ; MIF  ;
+----------------------------------------------------------------------------------------------------------+------+------------------+--------------+--------------+--------------+--------------+------+------+
; KeyTimeGet:GetTime|ps2_keyboard:keyboard|altsyncram:fifo_rtl_0|altsyncram_lsj1:auto_generated|ALTSYNCRAM ; AUTO ; Simple Dual Port ; 8            ; 8            ; 8            ; 8            ; 64   ; None ;
+----------------------------------------------------------------------------------------------------------+------+------------------+--------------+--------------+--------------+--------------+------+------+


+------------------------------------------------------------------------------------------------------------------------------------+
; User-Specified and Inferred Latches                                                                                                ;
+-------------------------------------------------------+---------------------------------------------------+------------------------+
; Latch Name                                            ; Latch Enable Signal                               ; Free of Timing Hazards ;
+-------------------------------------------------------+---------------------------------------------------+------------------------+
; KeyTimeGet:GetTime|KeyTranslate:GetASCII|out_en       ; KeyTimeGet:GetTime|ps2_keyboard:keyboard|ready    ; yes                    ;
; KeyTimeGet:GetTime|KeyTranslate:GetASCII|ASCII[0]     ; KeyTimeGet:GetTime|KeyTranslate:GetASCII|ASCII[7] ; yes                    ;
; KeyTimeGet:GetTime|KeyTranslate:GetASCII|ASCII[1]     ; KeyTimeGet:GetTime|KeyTranslate:GetASCII|ASCII[7] ; yes                    ;
; KeyTimeGet:GetTime|KeyTranslate:GetASCII|ASCII[2]     ; KeyTimeGet:GetTime|KeyTranslate:GetASCII|ASCII[7] ; yes                    ;
; KeyTimeGet:GetTime|KeyTranslate:GetASCII|ASCII[3]     ; KeyTimeGet:GetTime|KeyTranslate:GetASCII|ASCII[7] ; yes                    ;
; KeyTimeGet:GetTime|KeyTranslate:GetASCII|ASCII[4]     ; KeyTimeGet:GetTime|KeyTranslate:GetASCII|ASCII[7] ; yes                    ;
; KeyTimeGet:GetTime|KeyTranslate:GetASCII|ASCII[5]     ; KeyTimeGet:GetTime|KeyTranslate:GetASCII|ASCII[7] ; yes                    ;
; KeyTimeGet:GetTime|KeyTranslate:GetASCII|ASCII[6]     ; KeyTimeGet:GetTime|KeyTranslate:GetASCII|ASCII[7] ; yes                    ;
; KeyTimeGet:GetTime|KeyTranslate:GetASCII|last_data[1] ; KeyTimeGet:GetTime|ps2_keyboard:keyboard|ready    ; yes                    ;
; KeyTimeGet:GetTime|KeyTranslate:GetASCII|last_data[2] ; KeyTimeGet:GetTime|ps2_keyboard:keyboard|ready    ; yes                    ;
; KeyTimeGet:GetTime|KeyTranslate:GetASCII|last_data[3] ; KeyTimeGet:GetTime|ps2_keyboard:keyboard|ready    ; yes                    ;
; KeyTimeGet:GetTime|KeyTranslate:GetASCII|last_data[4] ; KeyTimeGet:GetTime|ps2_keyboard:keyboard|ready    ; yes                    ;
; KeyTimeGet:GetTime|KeyTranslate:GetASCII|last_data[5] ; KeyTimeGet:GetTime|ps2_keyboard:keyboard|ready    ; yes                    ;
; KeyTimeGet:GetTime|KeyTranslate:GetASCII|last_data[6] ; KeyTimeGet:GetTime|ps2_keyboard:keyboard|ready    ; yes                    ;
; KeyTimeGet:GetTime|KeyTranslate:GetASCII|last_data[7] ; KeyTimeGet:GetTime|ps2_keyboard:keyboard|ready    ; yes                    ;
; KeyTimeGet:GetTime|KeyTranslate:GetASCII|last_data[0] ; KeyTimeGet:GetTime|ps2_keyboard:keyboard|ready    ; yes                    ;
; Number of user-specified and inferred latches = 16    ;                                                   ;                        ;
+-------------------------------------------------------+---------------------------------------------------+------------------------+
Note: All latches listed above may not be present at the end of synthesis due to various synthesis optimizations.


+------------------------------------------------------+
; General Register Statistics                          ;
+----------------------------------------------+-------+
; Statistic                                    ; Value ;
+----------------------------------------------+-------+
; Total registers                              ; 114   ;
; Number of registers using Synchronous Clear  ; 47    ;
; Number of registers using Synchronous Load   ; 15    ;
; Number of registers using Asynchronous Clear ; 18    ;
; Number of registers using Asynchronous Load  ; 0     ;
; Number of registers using Clock Enable       ; 62    ;
; Number of registers using Preset             ; 0     ;
+----------------------------------------------+-------+


+----------------------------------------------------------------------------------------------------------------------+
; Registers Added for RAM Pass-Through Logic                                                                           ;
+----------------------------------------------------------------+-----------------------------------------------------+
; Register Name                                                  ; RAM Name                                            ;
+----------------------------------------------------------------+-----------------------------------------------------+
; KeyTimeGet:GetTime|ps2_keyboard:keyboard|fifo_rtl_0_bypass[0]  ; KeyTimeGet:GetTime|ps2_keyboard:keyboard|fifo_rtl_0 ;
; KeyTimeGet:GetTime|ps2_keyboard:keyboard|fifo_rtl_0_bypass[1]  ; KeyTimeGet:GetTime|ps2_keyboard:keyboard|fifo_rtl_0 ;
; KeyTimeGet:GetTime|ps2_keyboard:keyboard|fifo_rtl_0_bypass[2]  ; KeyTimeGet:GetTime|ps2_keyboard:keyboard|fifo_rtl_0 ;
; KeyTimeGet:GetTime|ps2_keyboard:keyboard|fifo_rtl_0_bypass[3]  ; KeyTimeGet:GetTime|ps2_keyboard:keyboard|fifo_rtl_0 ;
; KeyTimeGet:GetTime|ps2_keyboard:keyboard|fifo_rtl_0_bypass[4]  ; KeyTimeGet:GetTime|ps2_keyboard:keyboard|fifo_rtl_0 ;
; KeyTimeGet:GetTime|ps2_keyboard:keyboard|fifo_rtl_0_bypass[5]  ; KeyTimeGet:GetTime|ps2_keyboard:keyboard|fifo_rtl_0 ;
; KeyTimeGet:GetTime|ps2_keyboard:keyboard|fifo_rtl_0_bypass[6]  ; KeyTimeGet:GetTime|ps2_keyboard:keyboard|fifo_rtl_0 ;
; KeyTimeGet:GetTime|ps2_keyboard:keyboard|fifo_rtl_0_bypass[7]  ; KeyTimeGet:GetTime|ps2_keyboard:keyboard|fifo_rtl_0 ;
; KeyTimeGet:GetTime|ps2_keyboard:keyboard|fifo_rtl_0_bypass[8]  ; KeyTimeGet:GetTime|ps2_keyboard:keyboard|fifo_rtl_0 ;
; KeyTimeGet:GetTime|ps2_keyboard:keyboard|fifo_rtl_0_bypass[9]  ; KeyTimeGet:GetTime|ps2_keyboard:keyboard|fifo_rtl_0 ;
; KeyTimeGet:GetTime|ps2_keyboard:keyboard|fifo_rtl_0_bypass[10] ; KeyTimeGet:GetTime|ps2_keyboard:keyboard|fifo_rtl_0 ;
; KeyTimeGet:GetTime|ps2_keyboard:keyboard|fifo_rtl_0_bypass[11] ; KeyTimeGet:GetTime|ps2_keyboard:keyboard|fifo_rtl_0 ;
; KeyTimeGet:GetTime|ps2_keyboard:keyboard|fifo_rtl_0_bypass[12] ; KeyTimeGet:GetTime|ps2_keyboard:keyboard|fifo_rtl_0 ;
; KeyTimeGet:GetTime|ps2_keyboard:keyboard|fifo_rtl_0_bypass[13] ; KeyTimeGet:GetTime|ps2_keyboard:keyboard|fifo_rtl_0 ;
; KeyTimeGet:GetTime|ps2_keyboard:keyboard|fifo_rtl_0_bypass[14] ; KeyTimeGet:GetTime|ps2_keyboard:keyboard|fifo_rtl_0 ;
+----------------------------------------------------------------+-----------------------------------------------------+


+------------------------------------------------------------------------------------------------------------------------------------------------------------------------------+
; Multiplexer Restructuring Statistics (Restructuring Performed)                                                                                                               ;
+--------------------+-----------+---------------+----------------------+------------------------+------------+----------------------------------------------------------------+
; Multiplexer Inputs ; Bus Width ; Baseline Area ; Area if Restructured ; Saving if Restructured ; Registered ; Example Multiplexer Output                                     ;
+--------------------+-----------+---------------+----------------------+------------------------+------------+----------------------------------------------------------------+
; 3:1                ; 32 bits   ; 64 LEs        ; 0 LEs                ; 64 LEs                 ; Yes        ; |MyClock|FrequencyDivision:change_clk50_to_one_second|count[2] ;
; 3:1                ; 3 bits    ; 6 LEs         ; 3 LEs                ; 3 LEs                  ; Yes        ; |MyClock|KeyTimeGet:GetTime|location[1]                        ;
; 10:1               ; 5 bits    ; 30 LEs        ; 10 LEs               ; 20 LEs                 ; Yes        ; |MyClock|KeyTimeGet:GetTime|second[4]                          ;
; 10:1               ; 5 bits    ; 30 LEs        ; 10 LEs               ; 20 LEs                 ; Yes        ; |MyClock|KeyTimeGet:GetTime|minute[5]                          ;
; 10:1               ; 5 bits    ; 30 LEs        ; 10 LEs               ; 20 LEs                 ; Yes        ; |MyClock|KeyTimeGet:GetTime|hour[4]                            ;
+--------------------+-----------+---------------+----------------------+------------------------+------------+----------------------------------------------------------------+


+----------------------------------------------------------------------------------------------------------------------+
; Source assignments for KeyTimeGet:GetTime|ps2_keyboard:keyboard|altsyncram:fifo_rtl_0|altsyncram_lsj1:auto_generated ;
+---------------------------------+--------------------+------+--------------------------------------------------------+
; Assignment                      ; Value              ; From ; To                                                     ;
+---------------------------------+--------------------+------+--------------------------------------------------------+
; OPTIMIZE_POWER_DURING_SYNTHESIS ; NORMAL_COMPILATION ; -    ; -                                                      ;
+---------------------------------+--------------------+------+--------------------------------------------------------+


+-----------------------------------------------------------------------------------------------------------------+
; Parameter Settings for Inferred Entity Instance: KeyTimeGet:GetTime|ps2_keyboard:keyboard|altsyncram:fifo_rtl_0 ;
+------------------------------------+----------------------+-----------------------------------------------------+
; Parameter Name                     ; Value                ; Type                                                ;
+------------------------------------+----------------------+-----------------------------------------------------+
; BYTE_SIZE_BLOCK                    ; 8                    ; Untyped                                             ;
; AUTO_CARRY_CHAINS                  ; ON                   ; AUTO_CARRY                                          ;
; IGNORE_CARRY_BUFFERS               ; OFF                  ; IGNORE_CARRY                                        ;
; AUTO_CASCADE_CHAINS                ; ON                   ; AUTO_CASCADE                                        ;
; IGNORE_CASCADE_BUFFERS             ; OFF                  ; IGNORE_CASCADE                                      ;
; WIDTH_BYTEENA                      ; 1                    ; Untyped                                             ;
; OPERATION_MODE                     ; DUAL_PORT            ; Untyped                                             ;
; WIDTH_A                            ; 8                    ; Untyped                                             ;
; WIDTHAD_A                          ; 3                    ; Untyped                                             ;
; NUMWORDS_A                         ; 8                    ; Untyped                                             ;
; OUTDATA_REG_A                      ; UNREGISTERED         ; Untyped                                             ;
; ADDRESS_ACLR_A                     ; NONE                 ; Untyped                                             ;
; OUTDATA_ACLR_A                     ; NONE                 ; Untyped                                             ;
; WRCONTROL_ACLR_A                   ; NONE                 ; Untyped                                             ;
; INDATA_ACLR_A                      ; NONE                 ; Untyped                                             ;
; BYTEENA_ACLR_A                     ; NONE                 ; Untyped                                             ;
; WIDTH_B                            ; 8                    ; Untyped                                             ;
; WIDTHAD_B                          ; 3                    ; Untyped                                             ;
; NUMWORDS_B                         ; 8                    ; Untyped                                             ;
; INDATA_REG_B                       ; CLOCK1               ; Untyped                                             ;
; WRCONTROL_WRADDRESS_REG_B          ; CLOCK1               ; Untyped                                             ;
; RDCONTROL_REG_B                    ; CLOCK1               ; Untyped                                             ;
; ADDRESS_REG_B                      ; CLOCK0               ; Untyped                                             ;
; OUTDATA_REG_B                      ; UNREGISTERED         ; Untyped                                             ;
; BYTEENA_REG_B                      ; CLOCK1               ; Untyped                                             ;
; INDATA_ACLR_B                      ; NONE                 ; Untyped                                             ;
; WRCONTROL_ACLR_B                   ; NONE                 ; Untyped                                             ;
; ADDRESS_ACLR_B                     ; NONE                 ; Untyped                                             ;
; OUTDATA_ACLR_B                     ; NONE                 ; Untyped                                             ;
; RDCONTROL_ACLR_B                   ; NONE                 ; Untyped                                             ;
; BYTEENA_ACLR_B                     ; NONE                 ; Untyped                                             ;
; WIDTH_BYTEENA_A                    ; 1                    ; Untyped                                             ;
; WIDTH_BYTEENA_B                    ; 1                    ; Untyped                                             ;
; RAM_BLOCK_TYPE                     ; AUTO                 ; Untyped                                             ;
; BYTE_SIZE                          ; 8                    ; Untyped                                             ;
; READ_DURING_WRITE_MODE_MIXED_PORTS ; DONT_CARE            ; Untyped                                             ;
; READ_DURING_WRITE_MODE_PORT_A      ; NEW_DATA_NO_NBE_READ ; Untyped                                             ;
; READ_DURING_WRITE_MODE_PORT_B      ; NEW_DATA_NO_NBE_READ ; Untyped                                             ;
; INIT_FILE                          ; UNUSED               ; Untyped                                             ;
; INIT_FILE_LAYOUT                   ; PORT_A               ; Untyped                                             ;
; MAXIMUM_DEPTH                      ; 0                    ; Untyped                                             ;
; CLOCK_ENABLE_INPUT_A               ; NORMAL               ; Untyped                                             ;
; CLOCK_ENABLE_INPUT_B               ; NORMAL               ; Untyped                                             ;
; CLOCK_ENABLE_OUTPUT_A              ; NORMAL               ; Untyped                                             ;
; CLOCK_ENABLE_OUTPUT_B              ; NORMAL               ; Untyped                                             ;
; CLOCK_ENABLE_CORE_A                ; USE_INPUT_CLKEN      ; Untyped                                             ;
; CLOCK_ENABLE_CORE_B                ; USE_INPUT_CLKEN      ; Untyped                                             ;
; ENABLE_ECC                         ; FALSE                ; Untyped                                             ;
; ECC_PIPELINE_STAGE_ENABLED         ; FALSE                ; Untyped                                             ;
; WIDTH_ECCSTATUS                    ; 3                    ; Untyped                                             ;
; DEVICE_FAMILY                      ; Cyclone V            ; Untyped                                             ;
; CBXI_PARAMETER                     ; altsyncram_lsj1      ; Untyped                                             ;
+------------------------------------+----------------------+-----------------------------------------------------+
Note: In order to hide this table in the UI and the text report file, please set the "Show Parameter Settings in Synthesis Report" option in "Analysis and Synthesis Settings -> More Settings" to "Off".


+-----------------------------------------------------------------------------------------------------------+
; Parameter Settings for Inferred Entity Instance: TimeShow:HEXShowTime|HEXShow:second_show|lpm_divide:Mod0 ;
+------------------------+----------------+-----------------------------------------------------------------+
; Parameter Name         ; Value          ; Type                                                            ;
+------------------------+----------------+-----------------------------------------------------------------+
; LPM_WIDTHN             ; 6              ; Untyped                                                         ;
; LPM_WIDTHD             ; 4              ; Untyped                                                         ;
; LPM_NREPRESENTATION    ; UNSIGNED       ; Untyped                                                         ;
; LPM_DREPRESENTATION    ; UNSIGNED       ; Untyped                                                         ;
; LPM_PIPELINE           ; 0              ; Untyped                                                         ;
; LPM_REMAINDERPOSITIVE  ; TRUE           ; Untyped                                                         ;
; MAXIMIZE_SPEED         ; 5              ; Untyped                                                         ;
; CBXI_PARAMETER         ; lpm_divide_62m ; Untyped                                                         ;
; CARRY_CHAIN            ; MANUAL         ; Untyped                                                         ;
; OPTIMIZE_FOR_SPEED     ; 5              ; Untyped                                                         ;
; AUTO_CARRY_CHAINS      ; ON             ; AUTO_CARRY                                                      ;
; IGNORE_CARRY_BUFFERS   ; OFF            ; IGNORE_CARRY                                                    ;
; AUTO_CASCADE_CHAINS    ; ON             ; AUTO_CASCADE                                                    ;
; IGNORE_CASCADE_BUFFERS ; OFF            ; IGNORE_CASCADE                                                  ;
+------------------------+----------------+-----------------------------------------------------------------+
Note: In order to hide this table in the UI and the text report file, please set the "Show Parameter Settings in Synthesis Report" option in "Analysis and Synthesis Settings -> More Settings" to "Off".


+-----------------------------------------------------------------------------------------------------------+
; Parameter Settings for Inferred Entity Instance: TimeShow:HEXShowTime|HEXShow:minute_show|lpm_divide:Mod0 ;
+------------------------+----------------+-----------------------------------------------------------------+
; Parameter Name         ; Value          ; Type                                                            ;
+------------------------+----------------+-----------------------------------------------------------------+
; LPM_WIDTHN             ; 6              ; Untyped                                                         ;
; LPM_WIDTHD             ; 4              ; Untyped                                                         ;
; LPM_NREPRESENTATION    ; UNSIGNED       ; Untyped                                                         ;
; LPM_DREPRESENTATION    ; UNSIGNED       ; Untyped                                                         ;
; LPM_PIPELINE           ; 0              ; Untyped                                                         ;
; LPM_REMAINDERPOSITIVE  ; TRUE           ; Untyped                                                         ;
; MAXIMIZE_SPEED         ; 5              ; Untyped                                                         ;
; CBXI_PARAMETER         ; lpm_divide_62m ; Untyped                                                         ;
; CARRY_CHAIN            ; MANUAL         ; Untyped                                                         ;
; OPTIMIZE_FOR_SPEED     ; 5              ; Untyped                                                         ;
; AUTO_CARRY_CHAINS      ; ON             ; AUTO_CARRY                                                      ;
; IGNORE_CARRY_BUFFERS   ; OFF            ; IGNORE_CARRY                                                    ;
; AUTO_CASCADE_CHAINS    ; ON             ; AUTO_CASCADE                                                    ;
; IGNORE_CASCADE_BUFFERS ; OFF            ; IGNORE_CASCADE                                                  ;
+------------------------+----------------+-----------------------------------------------------------------+
Note: In order to hide this table in the UI and the text report file, please set the "Show Parameter Settings in Synthesis Report" option in "Analysis and Synthesis Settings -> More Settings" to "Off".


+---------------------------------------------------------------------------------------------------------+
; Parameter Settings for Inferred Entity Instance: TimeShow:HEXShowTime|HEXShow:hour_show|lpm_divide:Mod0 ;
+------------------------+----------------+---------------------------------------------------------------+
; Parameter Name         ; Value          ; Type                                                          ;
+------------------------+----------------+---------------------------------------------------------------+
; LPM_WIDTHN             ; 6              ; Untyped                                                       ;
; LPM_WIDTHD             ; 4              ; Untyped                                                       ;
; LPM_NREPRESENTATION    ; UNSIGNED       ; Untyped                                                       ;
; LPM_DREPRESENTATION    ; UNSIGNED       ; Untyped                                                       ;
; LPM_PIPELINE           ; 0              ; Untyped                                                       ;
; LPM_REMAINDERPOSITIVE  ; TRUE           ; Untyped                                                       ;
; MAXIMIZE_SPEED         ; 5              ; Untyped                                                       ;
; CBXI_PARAMETER         ; lpm_divide_62m ; Untyped                                                       ;
; CARRY_CHAIN            ; MANUAL         ; Untyped                                                       ;
; OPTIMIZE_FOR_SPEED     ; 5              ; Untyped                                                       ;
; AUTO_CARRY_CHAINS      ; ON             ; AUTO_CARRY                                                    ;
; IGNORE_CARRY_BUFFERS   ; OFF            ; IGNORE_CARRY                                                  ;
; AUTO_CASCADE_CHAINS    ; ON             ; AUTO_CASCADE                                                  ;
; IGNORE_CASCADE_BUFFERS ; OFF            ; IGNORE_CASCADE                                                ;
+------------------------+----------------+---------------------------------------------------------------+
Note: In order to hide this table in the UI and the text report file, please set the "Show Parameter Settings in Synthesis Report" option in "Analysis and Synthesis Settings -> More Settings" to "Off".


+------------------------------------------------------------------------------------------------------------+
; altsyncram Parameter Settings by Entity Instance                                                           ;
+-------------------------------------------+----------------------------------------------------------------+
; Name                                      ; Value                                                          ;
+-------------------------------------------+----------------------------------------------------------------+
; Number of entity instances                ; 1                                                              ;
; Entity Instance                           ; KeyTimeGet:GetTime|ps2_keyboard:keyboard|altsyncram:fifo_rtl_0 ;
;     -- OPERATION_MODE                     ; DUAL_PORT                                                      ;
;     -- WIDTH_A                            ; 8                                                              ;
;     -- NUMWORDS_A                         ; 8                                                              ;
;     -- OUTDATA_REG_A                      ; UNREGISTERED                                                   ;
;     -- WIDTH_B                            ; 8                                                              ;
;     -- NUMWORDS_B                         ; 8                                                              ;
;     -- ADDRESS_REG_B                      ; CLOCK0                                                         ;
;     -- OUTDATA_REG_B                      ; UNREGISTERED                                                   ;
;     -- RAM_BLOCK_TYPE                     ; AUTO                                                           ;
;     -- READ_DURING_WRITE_MODE_MIXED_PORTS ; DONT_CARE                                                      ;
+-------------------------------------------+----------------------------------------------------------------+


+----------------------------------------------------------------------+
; Port Connectivity Checks: "KeyTimeGet:GetTime|ps2_keyboard:keyboard" ;
+------------+-------+----------+--------------------------------------+
; Port       ; Type  ; Severity ; Details                              ;
+------------+-------+----------+--------------------------------------+
; clrn       ; Input ; Info     ; Stuck at VCC                         ;
; nextdata_n ; Input ; Info     ; Stuck at GND                         ;
+------------+-------+----------+--------------------------------------+


+-----------------------------------------------------+
; Post-Synthesis Netlist Statistics for Top Partition ;
+-----------------------+-----------------------------+
; Type                  ; Count                       ;
+-----------------------+-----------------------------+
; arriav_ff             ; 114                         ;
;     CLR               ; 18                          ;
;     ENA               ; 15                          ;
;     ENA SCLR          ; 32                          ;
;     ENA SCLR SLD      ; 15                          ;
;     plain             ; 34                          ;
; arriav_lcell_comb     ; 481                         ;
;     arith             ; 125                         ;
;         0 data inputs ; 18                          ;
;         1 data inputs ; 32                          ;
;         2 data inputs ; 33                          ;
;         3 data inputs ; 21                          ;
;         4 data inputs ; 21                          ;
;     extend            ; 6                           ;
;         7 data inputs ; 6                           ;
;     normal            ; 350                         ;
;         1 data inputs ; 21                          ;
;         2 data inputs ; 41                          ;
;         3 data inputs ; 81                          ;
;         4 data inputs ; 95                          ;
;         5 data inputs ; 87                          ;
;         6 data inputs ; 25                          ;
; boundary_port         ; 52                          ;
; stratixv_ram_block    ; 8                           ;
;                       ;                             ;
; Max LUT depth         ; 9.10                        ;
; Average LUT depth     ; 4.91                        ;
+-----------------------+-----------------------------+


+-------------------------------+
; Elapsed Time Per Partition    ;
+----------------+--------------+
; Partition Name ; Elapsed Time ;
+----------------+--------------+
; Top            ; 00:00:02     ;
+----------------+--------------+


+-------------------------------+
; Analysis & Synthesis Messages ;
+-------------------------------+
Info: *******************************************************************
Info: Running Quartus Prime Analysis & Synthesis
    Info: Version 17.1.0 Build 590 10/25/2017 SJ Lite Edition
    Info: Processing started: Sat Dec 22 21:59:38 2018
Info: Command: quartus_map --read_settings_files=on --write_settings_files=off MyClock -c MyClock
Warning (18236): Number of processors has not been specified which may cause overloading on shared machines.  Set the global assignment NUM_PARALLEL_PROCESSORS in your QSF to an appropriate value for best performance.
Info (20030): Parallel compilation is enabled and will use 4 of the 4 processors detected
Info (12021): Found 1 design units, including 1 entities, in source file myclock.v
    Info (12023): Found entity 1: MyClock File: D:/OneDrive/Experiments_in_Digital_Logical_Circuits/CLOCK/MyClock/MyClock.v Line: 8
Info (12021): Found 1 design units, including 1 entities, in source file frequencydivision.v
    Info (12023): Found entity 1: FrequencyDivision File: D:/OneDrive/Experiments_in_Digital_Logical_Circuits/CLOCK/MyClock/FrequencyDivision.v Line: 8
Info (12021): Found 1 design units, including 1 entities, in source file hexshow.v
    Info (12023): Found entity 1: HEXShow File: D:/OneDrive/Experiments_in_Digital_Logical_Circuits/CLOCK/MyClock/HEXShow.v Line: 9
Info (12021): Found 1 design units, including 1 entities, in source file clockrun.v
    Info (12023): Found entity 1: ClockRun File: D:/OneDrive/Experiments_in_Digital_Logical_Circuits/CLOCK/MyClock/ClockRun.v Line: 9
Info (12021): Found 1 design units, including 1 entities, in source file timeshow.v
    Info (12023): Found entity 1: TimeShow File: D:/OneDrive/Experiments_in_Digital_Logical_Circuits/CLOCK/MyClock/TimeShow.v Line: 8
Info (12021): Found 1 design units, including 1 entities, in source file ps2_keyboard.v
    Info (12023): Found entity 1: ps2_keyboard File: D:/OneDrive/Experiments_in_Digital_Logical_Circuits/CLOCK/MyClock/ps2_keyboard.v Line: 7
Info (12021): Found 1 design units, including 1 entities, in source file keytimeget.v
    Info (12023): Found entity 1: KeyTimeGet File: D:/OneDrive/Experiments_in_Digital_Logical_Circuits/CLOCK/MyClock/KeyTimeGet.v Line: 7
Info (12021): Found 1 design units, including 1 entities, in source file keytranslate.v
    Info (12023): Found entity 1: KeyTranslate File: D:/OneDrive/Experiments_in_Digital_Logical_Circuits/CLOCK/MyClock/KeyTranslate.v Line: 1
Info (12127): Elaborating entity "MyClock" for the top level hierarchy
Info (12128): Elaborating entity "FrequencyDivision" for hierarchy "FrequencyDivision:change_clk50_to_one_second" File: D:/OneDrive/Experiments_in_Digital_Logical_Circuits/CLOCK/MyClock/MyClock.v Line: 65
Info (12128): Elaborating entity "ClockRun" for hierarchy "ClockRun:MainClock" File: D:/OneDrive/Experiments_in_Digital_Logical_Circuits/CLOCK/MyClock/MyClock.v Line: 79
Info (12128): Elaborating entity "TimeShow" for hierarchy "TimeShow:HEXShowTime" File: D:/OneDrive/Experiments_in_Digital_Logical_Circuits/CLOCK/MyClock/MyClock.v Line: 94
Warning (10230): Verilog HDL assignment warning at TimeShow.v(30): truncated value with size 8 to match size of target (6) File: D:/OneDrive/Experiments_in_Digital_Logical_Circuits/CLOCK/MyClock/TimeShow.v Line: 30
Warning (10230): Verilog HDL assignment warning at TimeShow.v(31): truncated value with size 8 to match size of target (6) File: D:/OneDrive/Experiments_in_Digital_Logical_Circuits/CLOCK/MyClock/TimeShow.v Line: 31
Warning (10230): Verilog HDL assignment warning at TimeShow.v(32): truncated value with size 8 to match size of target (6) File: D:/OneDrive/Experiments_in_Digital_Logical_Circuits/CLOCK/MyClock/TimeShow.v Line: 32
Info (12128): Elaborating entity "HEXShow" for hierarchy "TimeShow:HEXShowTime|HEXShow:second_show" File: D:/OneDrive/Experiments_in_Digital_Logical_Circuits/CLOCK/MyClock/TimeShow.v Line: 55
Info (12128): Elaborating entity "KeyTimeGet" for hierarchy "KeyTimeGet:GetTime" File: D:/OneDrive/Experiments_in_Digital_Logical_Circuits/CLOCK/MyClock/MyClock.v Line: 112
Warning (10230): Verilog HDL assignment warning at KeyTimeGet.v(85): truncated value with size 8 to match size of target (6) File: D:/OneDrive/Experiments_in_Digital_Logical_Circuits/CLOCK/MyClock/KeyTimeGet.v Line: 85
Warning (10230): Verilog HDL assignment warning at KeyTimeGet.v(86): truncated value with size 8 to match size of target (6) File: D:/OneDrive/Experiments_in_Digital_Logical_Circuits/CLOCK/MyClock/KeyTimeGet.v Line: 86
Warning (10230): Verilog HDL assignment warning at KeyTimeGet.v(87): truncated value with size 8 to match size of target (6) File: D:/OneDrive/Experiments_in_Digital_Logical_Circuits/CLOCK/MyClock/KeyTimeGet.v Line: 87
Warning (10230): Verilog HDL assignment warning at KeyTimeGet.v(96): truncated value with size 8 to match size of target (6) File: D:/OneDrive/Experiments_in_Digital_Logical_Circuits/CLOCK/MyClock/KeyTimeGet.v Line: 96
Warning (10230): Verilog HDL assignment warning at KeyTimeGet.v(97): truncated value with size 8 to match size of target (6) File: D:/OneDrive/Experiments_in_Digital_Logical_Circuits/CLOCK/MyClock/KeyTimeGet.v Line: 97
Warning (10230): Verilog HDL assignment warning at KeyTimeGet.v(98): truncated value with size 8 to match size of target (6) File: D:/OneDrive/Experiments_in_Digital_Logical_Circuits/CLOCK/MyClock/KeyTimeGet.v Line: 98
Warning (10230): Verilog HDL assignment warning at KeyTimeGet.v(99): truncated value with size 8 to match size of target (6) File: D:/OneDrive/Experiments_in_Digital_Logical_Circuits/CLOCK/MyClock/KeyTimeGet.v Line: 99
Warning (10230): Verilog HDL assignment warning at KeyTimeGet.v(100): truncated value with size 8 to match size of target (6) File: D:/OneDrive/Experiments_in_Digital_Logical_Circuits/CLOCK/MyClock/KeyTimeGet.v Line: 100
Warning (10230): Verilog HDL assignment warning at KeyTimeGet.v(101): truncated value with size 8 to match size of target (6) File: D:/OneDrive/Experiments_in_Digital_Logical_Circuits/CLOCK/MyClock/KeyTimeGet.v Line: 101
Info (12128): Elaborating entity "ps2_keyboard" for hierarchy "KeyTimeGet:GetTime|ps2_keyboard:keyboard" File: D:/OneDrive/Experiments_in_Digital_Logical_Circuits/CLOCK/MyClock/KeyTimeGet.v Line: 57
Info (12128): Elaborating entity "KeyTranslate" for hierarchy "KeyTimeGet:GetTime|KeyTranslate:GetASCII" File: D:/OneDrive/Experiments_in_Digital_Logical_Circuits/CLOCK/MyClock/KeyTimeGet.v Line: 64
Warning (10240): Verilog HDL Always Construct warning at KeyTranslate.v(22): inferring latch(es) for variable "out_en", which holds its previous value in one or more paths through the always construct File: D:/OneDrive/Experiments_in_Digital_Logical_Circuits/CLOCK/MyClock/KeyTranslate.v Line: 22
Warning (10240): Verilog HDL Always Construct warning at KeyTranslate.v(22): inferring latch(es) for variable "last_data", which holds its previous value in one or more paths through the always construct File: D:/OneDrive/Experiments_in_Digital_Logical_Circuits/CLOCK/MyClock/KeyTranslate.v Line: 22
Warning (10240): Verilog HDL Always Construct warning at KeyTranslate.v(22): inferring latch(es) for variable "ASCII", which holds its previous value in one or more paths through the always construct File: D:/OneDrive/Experiments_in_Digital_Logical_Circuits/CLOCK/MyClock/KeyTranslate.v Line: 22
Warning (10030): Net "ASCII_MEMORY.data_a" at KeyTranslate.v(11) has no driver or initial value, using a default initial value '0' File: D:/OneDrive/Experiments_in_Digital_Logical_Circuits/CLOCK/MyClock/KeyTranslate.v Line: 11
Warning (10030): Net "ASCII_MEMORY.waddr_a" at KeyTranslate.v(11) has no driver or initial value, using a default initial value '0' File: D:/OneDrive/Experiments_in_Digital_Logical_Circuits/CLOCK/MyClock/KeyTranslate.v Line: 11
Warning (10030): Net "ASCII_MEMORY.we_a" at KeyTranslate.v(11) has no driver or initial value, using a default initial value '0' File: D:/OneDrive/Experiments_in_Digital_Logical_Circuits/CLOCK/MyClock/KeyTranslate.v Line: 11
Info (10041): Inferred latch for "ASCII[0]" at KeyTranslate.v(22) File: D:/OneDrive/Experiments_in_Digital_Logical_Circuits/CLOCK/MyClock/KeyTranslate.v Line: 22
Info (10041): Inferred latch for "ASCII[1]" at KeyTranslate.v(22) File: D:/OneDrive/Experiments_in_Digital_Logical_Circuits/CLOCK/MyClock/KeyTranslate.v Line: 22
Info (10041): Inferred latch for "ASCII[2]" at KeyTranslate.v(22) File: D:/OneDrive/Experiments_in_Digital_Logical_Circuits/CLOCK/MyClock/KeyTranslate.v Line: 22
Info (10041): Inferred latch for "ASCII[3]" at KeyTranslate.v(22) File: D:/OneDrive/Experiments_in_Digital_Logical_Circuits/CLOCK/MyClock/KeyTranslate.v Line: 22
Info (10041): Inferred latch for "ASCII[4]" at KeyTranslate.v(22) File: D:/OneDrive/Experiments_in_Digital_Logical_Circuits/CLOCK/MyClock/KeyTranslate.v Line: 22
Info (10041): Inferred latch for "ASCII[5]" at KeyTranslate.v(22) File: D:/OneDrive/Experiments_in_Digital_Logical_Circuits/CLOCK/MyClock/KeyTranslate.v Line: 22
Info (10041): Inferred latch for "ASCII[6]" at KeyTranslate.v(22) File: D:/OneDrive/Experiments_in_Digital_Logical_Circuits/CLOCK/MyClock/KeyTranslate.v Line: 22
Info (10041): Inferred latch for "ASCII[7]" at KeyTranslate.v(22) File: D:/OneDrive/Experiments_in_Digital_Logical_Circuits/CLOCK/MyClock/KeyTranslate.v Line: 22
Info (10041): Inferred latch for "last_data[0]" at KeyTranslate.v(22) File: D:/OneDrive/Experiments_in_Digital_Logical_Circuits/CLOCK/MyClock/KeyTranslate.v Line: 22
Info (10041): Inferred latch for "last_data[1]" at KeyTranslate.v(22) File: D:/OneDrive/Experiments_in_Digital_Logical_Circuits/CLOCK/MyClock/KeyTranslate.v Line: 22
Info (10041): Inferred latch for "last_data[2]" at KeyTranslate.v(22) File: D:/OneDrive/Experiments_in_Digital_Logical_Circuits/CLOCK/MyClock/KeyTranslate.v Line: 22
Info (10041): Inferred latch for "last_data[3]" at KeyTranslate.v(22) File: D:/OneDrive/Experiments_in_Digital_Logical_Circuits/CLOCK/MyClock/KeyTranslate.v Line: 22
Info (10041): Inferred latch for "last_data[4]" at KeyTranslate.v(22) File: D:/OneDrive/Experiments_in_Digital_Logical_Circuits/CLOCK/MyClock/KeyTranslate.v Line: 22
Info (10041): Inferred latch for "last_data[5]" at KeyTranslate.v(22) File: D:/OneDrive/Experiments_in_Digital_Logical_Circuits/CLOCK/MyClock/KeyTranslate.v Line: 22
Info (10041): Inferred latch for "last_data[6]" at KeyTranslate.v(22) File: D:/OneDrive/Experiments_in_Digital_Logical_Circuits/CLOCK/MyClock/KeyTranslate.v Line: 22
Info (10041): Inferred latch for "last_data[7]" at KeyTranslate.v(22) File: D:/OneDrive/Experiments_in_Digital_Logical_Circuits/CLOCK/MyClock/KeyTranslate.v Line: 22
Info (10041): Inferred latch for "out_en" at KeyTranslate.v(22) File: D:/OneDrive/Experiments_in_Digital_Logical_Circuits/CLOCK/MyClock/KeyTranslate.v Line: 22
Warning (276020): Inferred RAM node "KeyTimeGet:GetTime|ps2_keyboard:keyboard|fifo_rtl_0" from synchronous design logic.  Pass-through logic has been added to match the read-during-write behavior of the original design.
Info (276014): Found 1 instances of uninferred RAM logic
    Info (276007): RAM logic "KeyTimeGet:GetTime|KeyTranslate:GetASCII|ASCII_MEMORY" is uninferred due to asynchronous read logic File: D:/OneDrive/Experiments_in_Digital_Logical_Circuits/CLOCK/MyClock/KeyTranslate.v Line: 11
Info (19000): Inferred 1 megafunctions from design logic
    Info (276029): Inferred altsyncram megafunction from the following design logic: "KeyTimeGet:GetTime|ps2_keyboard:keyboard|fifo_rtl_0" 
        Info (286033): Parameter OPERATION_MODE set to DUAL_PORT
        Info (286033): Parameter WIDTH_A set to 8
        Info (286033): Parameter WIDTHAD_A set to 3
        Info (286033): Parameter NUMWORDS_A set to 8
        Info (286033): Parameter WIDTH_B set to 8
        Info (286033): Parameter WIDTHAD_B set to 3
        Info (286033): Parameter NUMWORDS_B set to 8
        Info (286033): Parameter ADDRESS_ACLR_A set to NONE
        Info (286033): Parameter OUTDATA_REG_B set to UNREGISTERED
        Info (286033): Parameter ADDRESS_ACLR_B set to NONE
        Info (286033): Parameter OUTDATA_ACLR_B set to NONE
        Info (286033): Parameter ADDRESS_REG_B set to CLOCK0
        Info (286033): Parameter INDATA_ACLR_A set to NONE
        Info (286033): Parameter WRCONTROL_ACLR_A set to NONE
Info (278001): Inferred 3 megafunctions from design logic
    Info (278004): Inferred divider/modulo megafunction ("lpm_divide") from the following logic: "TimeShow:HEXShowTime|HEXShow:second_show|Mod0" File: D:/OneDrive/Experiments_in_Digital_Logical_Circuits/CLOCK/MyClock/HEXShow.v Line: 19
    Info (278004): Inferred divider/modulo megafunction ("lpm_divide") from the following logic: "TimeShow:HEXShowTime|HEXShow:minute_show|Mod0" File: D:/OneDrive/Experiments_in_Digital_Logical_Circuits/CLOCK/MyClock/HEXShow.v Line: 19
    Info (278004): Inferred divider/modulo megafunction ("lpm_divide") from the following logic: "TimeShow:HEXShowTime|HEXShow:hour_show|Mod0" File: D:/OneDrive/Experiments_in_Digital_Logical_Circuits/CLOCK/MyClock/HEXShow.v Line: 19
Info (12130): Elaborated megafunction instantiation "KeyTimeGet:GetTime|ps2_keyboard:keyboard|altsyncram:fifo_rtl_0"
Info (12133): Instantiated megafunction "KeyTimeGet:GetTime|ps2_keyboard:keyboard|altsyncram:fifo_rtl_0" with the following parameter:
    Info (12134): Parameter "OPERATION_MODE" = "DUAL_PORT"
    Info (12134): Parameter "WIDTH_A" = "8"
    Info (12134): Parameter "WIDTHAD_A" = "3"
    Info (12134): Parameter "NUMWORDS_A" = "8"
    Info (12134): Parameter "WIDTH_B" = "8"
    Info (12134): Parameter "WIDTHAD_B" = "3"
    Info (12134): Parameter "NUMWORDS_B" = "8"
    Info (12134): Parameter "ADDRESS_ACLR_A" = "NONE"
    Info (12134): Parameter "OUTDATA_REG_B" = "UNREGISTERED"
    Info (12134): Parameter "ADDRESS_ACLR_B" = "NONE"
    Info (12134): Parameter "OUTDATA_ACLR_B" = "NONE"
    Info (12134): Parameter "ADDRESS_REG_B" = "CLOCK0"
    Info (12134): Parameter "INDATA_ACLR_A" = "NONE"
    Info (12134): Parameter "WRCONTROL_ACLR_A" = "NONE"
Info (12021): Found 1 design units, including 1 entities, in source file db/altsyncram_lsj1.tdf
    Info (12023): Found entity 1: altsyncram_lsj1 File: D:/OneDrive/Experiments_in_Digital_Logical_Circuits/CLOCK/MyClock/db/altsyncram_lsj1.tdf Line: 27
Info (12130): Elaborated megafunction instantiation "TimeShow:HEXShowTime|HEXShow:second_show|lpm_divide:Mod0" File: D:/OneDrive/Experiments_in_Digital_Logical_Circuits/CLOCK/MyClock/HEXShow.v Line: 19
Info (12133): Instantiated megafunction "TimeShow:HEXShowTime|HEXShow:second_show|lpm_divide:Mod0" with the following parameter: File: D:/OneDrive/Experiments_in_Digital_Logical_Circuits/CLOCK/MyClock/HEXShow.v Line: 19
    Info (12134): Parameter "LPM_WIDTHN" = "6"
    Info (12134): Parameter "LPM_WIDTHD" = "4"
    Info (12134): Parameter "LPM_NREPRESENTATION" = "UNSIGNED"
    Info (12134): Parameter "LPM_DREPRESENTATION" = "UNSIGNED"
Info (12021): Found 1 design units, including 1 entities, in source file db/lpm_divide_62m.tdf
    Info (12023): Found entity 1: lpm_divide_62m File: D:/OneDrive/Experiments_in_Digital_Logical_Circuits/CLOCK/MyClock/db/lpm_divide_62m.tdf Line: 24
Info (12021): Found 1 design units, including 1 entities, in source file db/sign_div_unsign_9kh.tdf
    Info (12023): Found entity 1: sign_div_unsign_9kh File: D:/OneDrive/Experiments_in_Digital_Logical_Circuits/CLOCK/MyClock/db/sign_div_unsign_9kh.tdf Line: 24
Info (12021): Found 1 design units, including 1 entities, in source file db/alt_u_div_ose.tdf
    Info (12023): Found entity 1: alt_u_div_ose File: D:/OneDrive/Experiments_in_Digital_Logical_Circuits/CLOCK/MyClock/db/alt_u_div_ose.tdf Line: 22
Warning (13012): Latch KeyTimeGet:GetTime|KeyTranslate:GetASCII|ASCII[0] has unsafe behavior File: D:/OneDrive/Experiments_in_Digital_Logical_Circuits/CLOCK/MyClock/KeyTranslate.v Line: 22
    Warning (13013): Ports D and ENA on the latch are fed by the same signal KeyTimeGet:GetTime|KeyTranslate:GetASCII|last_data[1] File: D:/OneDrive/Experiments_in_Digital_Logical_Circuits/CLOCK/MyClock/KeyTranslate.v Line: 22
Warning (13012): Latch KeyTimeGet:GetTime|KeyTranslate:GetASCII|ASCII[1] has unsafe behavior File: D:/OneDrive/Experiments_in_Digital_Logical_Circuits/CLOCK/MyClock/KeyTranslate.v Line: 22
    Warning (13013): Ports D and ENA on the latch are fed by the same signal KeyTimeGet:GetTime|KeyTranslate:GetASCII|last_data[1] File: D:/OneDrive/Experiments_in_Digital_Logical_Circuits/CLOCK/MyClock/KeyTranslate.v Line: 22
Warning (13012): Latch KeyTimeGet:GetTime|KeyTranslate:GetASCII|ASCII[2] has unsafe behavior File: D:/OneDrive/Experiments_in_Digital_Logical_Circuits/CLOCK/MyClock/KeyTranslate.v Line: 22
    Warning (13013): Ports D and ENA on the latch are fed by the same signal KeyTimeGet:GetTime|KeyTranslate:GetASCII|last_data[1] File: D:/OneDrive/Experiments_in_Digital_Logical_Circuits/CLOCK/MyClock/KeyTranslate.v Line: 22
Warning (13012): Latch KeyTimeGet:GetTime|KeyTranslate:GetASCII|ASCII[3] has unsafe behavior File: D:/OneDrive/Experiments_in_Digital_Logical_Circuits/CLOCK/MyClock/KeyTranslate.v Line: 22
    Warning (13013): Ports D and ENA on the latch are fed by the same signal KeyTimeGet:GetTime|KeyTranslate:GetASCII|last_data[1] File: D:/OneDrive/Experiments_in_Digital_Logical_Circuits/CLOCK/MyClock/KeyTranslate.v Line: 22
Warning (13012): Latch KeyTimeGet:GetTime|KeyTranslate:GetASCII|ASCII[4] has unsafe behavior File: D:/OneDrive/Experiments_in_Digital_Logical_Circuits/CLOCK/MyClock/KeyTranslate.v Line: 22
    Warning (13013): Ports D and ENA on the latch are fed by the same signal KeyTimeGet:GetTime|KeyTranslate:GetASCII|last_data[1] File: D:/OneDrive/Experiments_in_Digital_Logical_Circuits/CLOCK/MyClock/KeyTranslate.v Line: 22
Warning (13012): Latch KeyTimeGet:GetTime|KeyTranslate:GetASCII|ASCII[5] has unsafe behavior File: D:/OneDrive/Experiments_in_Digital_Logical_Circuits/CLOCK/MyClock/KeyTranslate.v Line: 22
    Warning (13013): Ports D and ENA on the latch are fed by the same signal KeyTimeGet:GetTime|KeyTranslate:GetASCII|last_data[1] File: D:/OneDrive/Experiments_in_Digital_Logical_Circuits/CLOCK/MyClock/KeyTranslate.v Line: 22
Warning (13012): Latch KeyTimeGet:GetTime|KeyTranslate:GetASCII|ASCII[6] has unsafe behavior File: D:/OneDrive/Experiments_in_Digital_Logical_Circuits/CLOCK/MyClock/KeyTranslate.v Line: 22
    Warning (13013): Ports D and ENA on the latch are fed by the same signal KeyTimeGet:GetTime|KeyTranslate:GetASCII|last_data[1] File: D:/OneDrive/Experiments_in_Digital_Logical_Circuits/CLOCK/MyClock/KeyTranslate.v Line: 22
Warning (13004): Presettable and clearable registers converted to equivalent circuits with latches. Registers power-up to an undefined state, and DEVCLRn places the registers in an undefined state.
    Warning (13310): Register "ClockRun:MainClock|second[0]" is converted into an equivalent circuit using register "ClockRun:MainClock|second[0]~_emulated" and latch "ClockRun:MainClock|second[0]~1" File: D:/OneDrive/Experiments_in_Digital_Logical_Circuits/CLOCK/MyClock/ClockRun.v Line: 51
    Warning (13310): Register "ClockRun:MainClock|second[1]" is converted into an equivalent circuit using register "ClockRun:MainClock|second[1]~_emulated" and latch "ClockRun:MainClock|second[1]~5" File: D:/OneDrive/Experiments_in_Digital_Logical_Circuits/CLOCK/MyClock/ClockRun.v Line: 51
    Warning (13310): Register "ClockRun:MainClock|second[2]" is converted into an equivalent circuit using register "ClockRun:MainClock|second[2]~_emulated" and latch "ClockRun:MainClock|second[2]~9" File: D:/OneDrive/Experiments_in_Digital_Logical_Circuits/CLOCK/MyClock/ClockRun.v Line: 51
    Warning (13310): Register "ClockRun:MainClock|second[3]" is converted into an equivalent circuit using register "ClockRun:MainClock|second[3]~_emulated" and latch "ClockRun:MainClock|second[3]~13" File: D:/OneDrive/Experiments_in_Digital_Logical_Circuits/CLOCK/MyClock/ClockRun.v Line: 51
    Warning (13310): Register "ClockRun:MainClock|second[5]" is converted into an equivalent circuit using register "ClockRun:MainClock|second[5]~_emulated" and latch "ClockRun:MainClock|second[5]~17" File: D:/OneDrive/Experiments_in_Digital_Logical_Circuits/CLOCK/MyClock/ClockRun.v Line: 51
    Warning (13310): Register "ClockRun:MainClock|second[4]" is converted into an equivalent circuit using register "ClockRun:MainClock|second[4]~_emulated" and latch "ClockRun:MainClock|second[4]~21" File: D:/OneDrive/Experiments_in_Digital_Logical_Circuits/CLOCK/MyClock/ClockRun.v Line: 51
    Warning (13310): Register "ClockRun:MainClock|minute[0]" is converted into an equivalent circuit using register "ClockRun:MainClock|minute[0]~_emulated" and latch "ClockRun:MainClock|minute[0]~1" File: D:/OneDrive/Experiments_in_Digital_Logical_Circuits/CLOCK/MyClock/ClockRun.v Line: 51
    Warning (13310): Register "ClockRun:MainClock|minute[1]" is converted into an equivalent circuit using register "ClockRun:MainClock|minute[1]~_emulated" and latch "ClockRun:MainClock|minute[1]~5" File: D:/OneDrive/Experiments_in_Digital_Logical_Circuits/CLOCK/MyClock/ClockRun.v Line: 51
    Warning (13310): Register "ClockRun:MainClock|minute[2]" is converted into an equivalent circuit using register "ClockRun:MainClock|minute[2]~_emulated" and latch "ClockRun:MainClock|minute[2]~9" File: D:/OneDrive/Experiments_in_Digital_Logical_Circuits/CLOCK/MyClock/ClockRun.v Line: 51
    Warning (13310): Register "ClockRun:MainClock|minute[3]" is converted into an equivalent circuit using register "ClockRun:MainClock|minute[3]~_emulated" and latch "ClockRun:MainClock|minute[3]~13" File: D:/OneDrive/Experiments_in_Digital_Logical_Circuits/CLOCK/MyClock/ClockRun.v Line: 51
    Warning (13310): Register "ClockRun:MainClock|minute[5]" is converted into an equivalent circuit using register "ClockRun:MainClock|minute[5]~_emulated" and latch "ClockRun:MainClock|minute[5]~17" File: D:/OneDrive/Experiments_in_Digital_Logical_Circuits/CLOCK/MyClock/ClockRun.v Line: 51
    Warning (13310): Register "ClockRun:MainClock|minute[4]" is converted into an equivalent circuit using register "ClockRun:MainClock|minute[4]~_emulated" and latch "ClockRun:MainClock|minute[4]~21" File: D:/OneDrive/Experiments_in_Digital_Logical_Circuits/CLOCK/MyClock/ClockRun.v Line: 51
    Warning (13310): Register "ClockRun:MainClock|hour[0]" is converted into an equivalent circuit using register "ClockRun:MainClock|hour[0]~_emulated" and latch "ClockRun:MainClock|hour[0]~1" File: D:/OneDrive/Experiments_in_Digital_Logical_Circuits/CLOCK/MyClock/ClockRun.v Line: 51
    Warning (13310): Register "ClockRun:MainClock|hour[1]" is converted into an equivalent circuit using register "ClockRun:MainClock|hour[1]~_emulated" and latch "ClockRun:MainClock|hour[1]~5" File: D:/OneDrive/Experiments_in_Digital_Logical_Circuits/CLOCK/MyClock/ClockRun.v Line: 51
    Warning (13310): Register "ClockRun:MainClock|hour[2]" is converted into an equivalent circuit using register "ClockRun:MainClock|hour[2]~_emulated" and latch "ClockRun:MainClock|hour[2]~9" File: D:/OneDrive/Experiments_in_Digital_Logical_Circuits/CLOCK/MyClock/ClockRun.v Line: 51
    Warning (13310): Register "ClockRun:MainClock|hour[3]" is converted into an equivalent circuit using register "ClockRun:MainClock|hour[3]~_emulated" and latch "ClockRun:MainClock|hour[3]~13" File: D:/OneDrive/Experiments_in_Digital_Logical_Circuits/CLOCK/MyClock/ClockRun.v Line: 51
    Warning (13310): Register "ClockRun:MainClock|hour[5]" is converted into an equivalent circuit using register "ClockRun:MainClock|hour[5]~_emulated" and latch "ClockRun:MainClock|hour[5]~17" File: D:/OneDrive/Experiments_in_Digital_Logical_Circuits/CLOCK/MyClock/ClockRun.v Line: 51
    Warning (13310): Register "ClockRun:MainClock|hour[4]" is converted into an equivalent circuit using register "ClockRun:MainClock|hour[4]~_emulated" and latch "ClockRun:MainClock|hour[4]~21" File: D:/OneDrive/Experiments_in_Digital_Logical_Circuits/CLOCK/MyClock/ClockRun.v Line: 51
Info (286030): Timing-Driven Synthesis is running
Info (144001): Generated suppressed messages file D:/OneDrive/Experiments_in_Digital_Logical_Circuits/CLOCK/MyClock/output_files/MyClock.map.smsg
Info (16010): Generating hard_block partition "hard_block:auto_generated_inst"
    Info (16011): Adding 0 node(s), including 0 DDIO, 0 PLL, 0 transceiver and 0 LCELL
Warning (21074): Design contains 1 input pin(s) that do not drive logic
    Warning (15610): No output dependent on input pin "reset_en" File: D:/OneDrive/Experiments_in_Digital_Logical_Circuits/CLOCK/MyClock/MyClock.v Line: 10
Info (21057): Implemented 542 device resources after synthesis - the final resource count might be different
    Info (21058): Implemented 5 input pins
    Info (21059): Implemented 47 output pins
    Info (21061): Implemented 482 logic cells
    Info (21064): Implemented 8 RAM segments
Info: Quartus Prime Analysis & Synthesis was successful. 0 errors, 55 warnings
    Info: Peak virtual memory: 4889 megabytes
    Info: Processing ended: Sat Dec 22 21:59:54 2018
    Info: Elapsed time: 00:00:16
    Info: Total CPU time (on all processors): 00:00:30


+------------------------------------------+
; Analysis & Synthesis Suppressed Messages ;
+------------------------------------------+
The suppressed messages can be found in D:/OneDrive/Experiments_in_Digital_Logical_Circuits/CLOCK/MyClock/output_files/MyClock.map.smsg.


